Microchip MPLAB XC8 Compiler V3.00

Linker command line:

-W-3 \
  --edf=C:\Program Files\Microchip\xc8\v3.00\pic\dat\20241204225717_en.msgs \
  -cn -h+dist/default/production\ECU2.X.production.sym \
  --cmf=dist/default/production\ECU2.X.production.cmf -z -Q18F4580 \
  -oC:\Users\snidg\AppData\Local\Temp\xcAsa60.\driver_tmp_3.o \
  --defsym=__MPLAB_BUILD=1 --fixupoverflow=error \
  -Mdist/default/production/ECU2.X.production.map \
  --md=C:\Users\snidg\AppData\Local\Temp\xcAsa60.\driver_tmp_0.dat -E1 \
  -ver=XC8 Compiler -ACODE=00h-03000h -ACONST=00h-03000h \
  -ASMALLCONST=0600h-06FFhx42,03000h-03000h -AMEDIUMCONST=0600h-03000h \
  -ACOMRAM=01h-05Fh -AABS1=00h-05FFh -ABIGRAM=01h-05FFh \
  -ARAM=060h-0FFh,0100h-01FFhx5 -ABANK0=060h-0FFh -ABANK1=0100h-01FFh \
  -ABANK2=0200h-02FFh -ABANK3=0300h-03FFh -ABANK4=0400h-04FFh \
  -ABANK5=0500h-05FFh -ASFR=0D00h-0DFFhx2,0F00h-0F5Fh,0F60h-0FFFh \
  -ABIGSFR=0D00h-0FFFh -ACONFIG=0300000h-030000Dh -AIDLOC=0200000h-0200007h \
  -AEEDATA=0F00000h-0F000FFh -peeprom_data=EEDATA \
  -preset_vec=00h,intcode=8h,intcodelo=18h,sivt_lo,sivt_hi=CODE \
  -ppowerup=CODE,init -pramtop=0600h -psmallconst=SMALLCONST \
  -pmediumconst=MEDIUMCONST -pconst=CONST -AFARRAM=00h-00h \
  -prdata=COMRAM,nvrram=COMRAM,nvbit=COMRAM,rbss=COMRAM,rbit=COMRAM \
  -pfarbss=FARRAM,fardata=FARRAM,nvFARRAM=FARRAM \
  -pintsave_regs=BIGRAM,bigbss=BIGRAM,bigdata=BIGRAM -pbss=RAM \
  -pidata=CODE,irdata=CODE,ibigdata=CODE,ifardata=CODE -prparam=COMRAM \
  C:\Users\snidg\AppData\Local\Temp\xcAsa60.\driver_tmp_9.o \
  dist/default/production\ECU2.X.production.o 

Object code version is 3.11

Machine type is 18F4580



                Name                               Link     Load   Length Selector   Space Scale
C:\Users\snidg\AppData\Local\Temp\xcAsa60.\driver_tmp_9.o
                idloc                            200000   200000        8        0       5
                config                           300000   300000        E        0       4
                init                               2FFC     2FFC        4     17FE       0
                reset_vec                             0        0        4        0       0
dist/default/production\ECU2.X.production.o
                idloc                            200000   200000        8        0       5
                config                           300000   300000        E        0       4
                smallconst                          600      600        2      300       0
                text13                              602      602      426      301       0
                text12                              EF0      EF0      106      301       0
                text11                              FF6      FF6       A4      301       0
                text10                             1128     1128       88      301       0
                text9                               C34      C34      1B4      301       0
                text8                              109A     109A       8E      301       0
                text7                              12E0     12E0       1C      301       0
                text6                              12FC     12FC       12      301       0
                text5                              130E     130E        A      301       0
                text4                              1224     1224       4C      301       0
                text3                              1270     1270       46      301       0
                text2                               DE8      DE8      108      301       0
                text1                              11B0     11B0       74      301       0
                text0                               A28      A28      20C      301       0
                cstackCOMRAM                          1        1       40        1       1
                dataCOMRAM                           56       56        2        1       1
                bssCOMRAM                            41       41       15        1       1
                cinit                              12B6     12B6       2A      301       0
                idataCOMRAM                        1318     1318        2      301       0

TOTAL           Name                               Link     Load   Length     Space
        CLASS   CODE           
                init                               2FFC     2FFC        4         0
                reset_vec                             0        0        4         0
                text13                              602      602      426         0
                text12                              EF0      EF0      106         0
                text11                              FF6      FF6       A4         0
                text10                             1128     1128       88         0
                text9                               C34      C34      1B4         0
                text8                              109A     109A       8E         0
                text7                              12E0     12E0       1C         0
                text6                              12FC     12FC       12         0
                text5                              130E     130E        A         0
                text4                              1224     1224       4C         0
                text3                              1270     1270       46         0
                text2                               DE8      DE8      108         0
                text1                              11B0     11B0       74         0
                text0                               A28      A28      20C         0
                cinit                              12B6     12B6       2A         0
                idataCOMRAM                        1318     1318        2         0

        CLASS   CONST          

        CLASS   SMALLCONST     
                smallconst                          600      600        2         0

        CLASS   MEDIUMCONST    

        CLASS   COMRAM         
                cstackCOMRAM                          1        1       40         1
                dataCOMRAM                           56       56        2         1
                bssCOMRAM                            41       41       15         1

        CLASS   ABS1           

        CLASS   BIGRAM         

        CLASS   RAM            

        CLASS   BANK0          

        CLASS   BANK1          

        CLASS   BANK2          

        CLASS   BANK3          

        CLASS   BANK4          

        CLASS   BANK5          

        CLASS   SFR            

        CLASS   BIGSFR         

        CLASS   CONFIG         
                config                           300000   300000        E         4

        CLASS   IDLOC          
                idloc                            200000   200000        8         5

        CLASS   EEDATA         

        CLASS   FARRAM         

        CLASS   HEAP           

        CLASS   STACK          



SEGMENTS        Name                           Load    Length   Top    Selector   Space  Class

                reset_vec                      000000  000004  000004         0       0  CODE    
                cstackCOMRAM                   000001  000057  000058         1       1  COMRAM  
                smallconst                     000600  000002  000602       300       0  SMALLCON
                text13                         000602  000D18  00131A       301       0  CODE    
                init                           002FFC  000004  003000      17FE       0  CODE    


UNUSED ADDRESS RANGES

        Name                Unused          Largest block    Delta
        BANK0            000060-0000FF               A0
        BANK1            000100-0001FF              100
        BANK2            000200-0002FF              100
        BANK3            000300-0003FF              100
        BANK4            000400-0004FF              100
        BANK5            000500-0005FF              100
        BIGRAM           000058-0005FF              5A8
        BIGSFR           000D00-000FFF              300
        CODE             000004-0005FF              5FC
                         00131A-002FFB             1CE2
                         003000-003000                1
        COMRAM           000058-00005F                8
        CONST            000004-0005FF              5FC
                         00131A-002FFB             1CE2
                         003000-003000                1
        EEDATA           F00000-F000FF              100
        MEDIUMCONST      00131A-002FFB             1CE2
                         003000-003000                1
        RAM              000060-0005FF              100
        SFR              000D00-000FFF              100
        SMALLCONST       00131A-002FFB              100
                         003000-003000                1

                                  Symbol Table

?___flmul                    cstackCOMRAM 000016
?___fltol                    cstackCOMRAM 00002F
?___lldiv                    cstackCOMRAM 000001
?___llmod                    cstackCOMRAM 00000E
?___xxtofl                   cstackCOMRAM 000008
?_read_adc                   cstackCOMRAM 000001
_ACQT0                       (abs)        007E03
_ACQT1                       (abs)        007E04
_ACQT2                       (abs)        007E05
_ADCON0                      (abs)        000FC2
_ADCON1                      (abs)        000FC1
_ADCS0                       (abs)        007E00
_ADCS1                       (abs)        007E01
_ADCS2                       (abs)        007E02
_ADFM                        (abs)        007E07
_ADON                        (abs)        007E10
_ADRESH                      (abs)        000FC4
_ADRESL                      (abs)        000FC3
_BRGCON1                     (abs)        000F70
_BRGCON2                     (abs)        000F71
_BRGCON3                     (abs)        000F72
_CANCON                      (abs)        000F6F
_CANSTAT                     (abs)        000F6E
_ECANCON                     (abs)        000F77
_GO                          (abs)        007E11
_GODONE                      (abs)        007E11
_PORTA                       (abs)        000F80
_PORTB                       (abs)        000F81
_PORTBbits                   (abs)        000F81
_PORTC                       (abs)        000F82
_PORTD                       (abs)        000F83
_RBPU                        (abs)        007F8F
_RC0                         (abs)        007C10
_RC1                         (abs)        007C11
_RC2                         (abs)        007C12
_RD7                         (abs)        007C1F
_RXB0CON                     (abs)        000F60
_RXF0EIDH                    (abs)        000F02
_RXF0EIDL                    (abs)        000F03
_RXF0SIDH                    (abs)        000F00
_RXF0SIDL                    (abs)        000F01
_RXFCON0                     (abs)        000DD4
_RXM0SIDH                    (abs)        000F18
_RXM0SIDL                    (abs)        000F19
_TRISA                       (abs)        000F92
_TRISB                       (abs)        000F93
_TRISB2                      (abs)        007C9A
_TRISB3                      (abs)        007C9B
_TRISC                       (abs)        000F94
_TRISD                       (abs)        000F95
_TRISD7                      (abs)        007CAF
_TXB0D0                      (abs)        000F46
_TXB0D1                      (abs)        000F47
_TXB0D2                      (abs)        000F48
_TXB0D3                      (abs)        000F49
_TXB0D4                      (abs)        000F4A
_TXB0D5                      (abs)        000F4B
_TXB0D6                      (abs)        000F4C
_TXB0D7                      (abs)        000F4D
_TXB0DLC                     (abs)        000F45
_TXB0EIDH                    (abs)        000F43
_TXB0EIDL                    (abs)        000F44
_TXB0REQ                     (abs)        007A03
_TXB0SIDH                    (abs)        000F41
_TXB0SIDL                    (abs)        000F42
_VCFG0                       (abs)        007E0C
_VCFG1                       (abs)        007E0D
__HRAM                       (abs)        000000
__H__absolute__              __absolute__ 000000
__Habs1                      abs1         000000
__Hbank0                     bank0        000000
__Hbank1                     bank1        000000
__Hbank2                     bank2        000000
__Hbank3                     bank3        000000
__Hbank4                     bank4        000000
__Hbank5                     bank5        000000
__Hbigbss                    bigbss       000000
__Hbigdata                   bigdata      000000
__Hbigram                    bigram       000000
__Hbigsfr                    bigsfr       000000
__Hbss                       bss          000000
__HbssCOMRAM                 bssCOMRAM    000000
__Hcinit                     cinit        000000
__Hclrtext                   clrtext      000000
__Hcomram                    comram       000000
__Hconfig                    config       30000E
__Hconst                     const        000000
__HcstackCOMRAM              cstackCOMRAM 000000
__Hdata                      data         000000
__HdataCOMRAM                dataCOMRAM   000000
__Heeprom_data               eeprom_data  000000
__Hfarbss                    farbss       000000
__Hfardata                   fardata      000000
__Hheap                      heap         000000
__Hibigdata                  ibigdata     000000
__Hidata                     idata        000000
__HidataCOMRAM               idataCOMRAM  000000
__Hidloc                     idloc        200008
__Hifardata                  ifardata     000000
__Hinit                      init         003000
__Hintcode                   intcode      000008
__Hintcode_body              intcode_body 000000
__Hintcodelo                 intcodelo    000018
__Hintentry                  intentry     000000
__Hintret                    intret       000000
__Hintsave_regs              intsave_regs 000000
__Hirdata                    irdata       000000
__Hmediumconst               mediumconst  000000
__HnvFARRAM                  nvFARRAM     000000
__Hnvbit                     nvbit        000000
__Hnvrram                    nvrram       000000
__Hparam                     rparam       000000
__Hpowerup                   powerup      000000
__Hram                       ram          000000
__Hramtop                    ramtop       000600
__Hrbit                      rbit         000000
__Hrbss                      rbss         000000
__Hrdata                     rdata        000000
__Hreset_vec                 reset_vec    000004
__Hrparam                    rparam       000000
__Hsfr                       sfr          000000
__Hsivt_hi                   sivt_hi      000000
__Hsivt_lo                   sivt_lo      000018
__Hsmallconst                smallconst   000602
__Hspace_0                   (abs)        003000
__Hspace_1                   (abs)        000058
__Hspace_2                   (abs)        000000
__Hspace_4                   (abs)        60000E
__Hstack                     stack        000000
__Hstruct                    struct       000000
__Htemp                      temp         000000
__Htext                      text         000000
__Htext0                     text0        000000
__Htext1                     text1        000000
__Htext10                    text10       000000
__Htext11                    text11       000000
__Htext12                    text12       000000
__Htext13                    text13       000000
__Htext2                     text2        000000
__Htext3                     text3        000000
__Htext4                     text4        000000
__Htext5                     text5        000000
__Htext6                     text6        000000
__Htext7                     text7        000000
__Htext8                     text8        000000
__Htext9                     text9        000000
__LRAM                       (abs)        000001
__L__absolute__              __absolute__ 000000
__Labs1                      abs1         000000
__Lbank0                     bank0        000000
__Lbank1                     bank1        000000
__Lbank2                     bank2        000000
__Lbank3                     bank3        000000
__Lbank4                     bank4        000000
__Lbank5                     bank5        000000
__Lbigbss                    bigbss       000000
__Lbigdata                   bigdata      000000
__Lbigram                    bigram       000000
__Lbigsfr                    bigsfr       000000
__Lbss                       bss          000000
__LbssCOMRAM                 bssCOMRAM    000000
__Lcinit                     cinit        000000
__Lclrtext                   clrtext      000000
__Lcomram                    comram       000000
__Lconfig                    config       000000
__Lconst                     const        000000
__LcstackCOMRAM              cstackCOMRAM 000000
__Ldata                      data         000000
__LdataCOMRAM                dataCOMRAM   000000
__Leeprom_data               eeprom_data  000000
__Lfarbss                    farbss       000000
__Lfardata                   fardata      000000
__Lheap                      heap         000000
__Libigdata                  ibigdata     000000
__Lidata                     idata        000000
__LidataCOMRAM               idataCOMRAM  000000
__Lidloc                     idloc        000000
__Lifardata                  ifardata     000000
__Linit                      init         002FFC
__Lintcode                   intcode      000008
__Lintcode_body              intcode_body 000000
__Lintcodelo                 intcodelo    000018
__Lintentry                  intentry     000000
__Lintret                    intret       000000
__Lintsave_regs              intsave_regs 000000
__Lirdata                    irdata       000000
__Lmediumconst               mediumconst  000000
__LnvFARRAM                  nvFARRAM     000000
__Lnvbit                     nvbit        000000
__Lnvrram                    nvrram       000000
__Lparam                     rparam       000000
__Lpowerup                   powerup      000000
__Lram                       ram          000000
__Lramtop                    ramtop       000600
__Lrbit                      rbit         000000
__Lrbss                      rbss         000000
__Lrdata                     rdata        000000
__Lreset_vec                 reset_vec    000000
__Lrparam                    rparam       000000
__Lsfr                       sfr          000000
__Lsivt_hi                   sivt_hi      000000
__Lsivt_lo                   sivt_lo      000018
__Lsmallconst                smallconst   000600
__Lspace_0                   (abs)        000000
__Lspace_1                   (abs)        000000
__Lspace_2                   (abs)        000000
__Lspace_4                   (abs)        000000
__Lstack                     stack        000000
__Lstruct                    struct       000000
__Ltemp                      temp         000000
__Ltext                      text         000000
__Ltext0                     text0        000000
__Ltext1                     text1        000000
__Ltext10                    text10       000000
__Ltext11                    text11       000000
__Ltext12                    text12       000000
__Ltext13                    text13       000000
__Ltext2                     text2        000000
__Ltext3                     text3        000000
__Ltext4                     text4        000000
__Ltext5                     text5        000000
__Ltext6                     text6        000000
__Ltext7                     text7        000000
__Ltext8                     text8        000000
__Ltext9                     text9        000000
__S0                         (abs)        003000
__S1                         (abs)        000058
__S4                         (abs)        000000
__S5                         (abs)        000000
___flmul                     text13       000602
___flmul@a                   cstackCOMRAM 00001A
___flmul@aexp                cstackCOMRAM 000027
___flmul@b                   cstackCOMRAM 000016
___flmul@bexp                cstackCOMRAM 000028
___flmul@grs                 cstackCOMRAM 000023
___flmul@prod                cstackCOMRAM 000029
___flmul@sign                cstackCOMRAM 000022
___flmul@temp                cstackCOMRAM 00002D
___fltol                     text12       000EF0
___fltol@exp1                cstackCOMRAM 000038
___fltol@f1                  cstackCOMRAM 00002F
___fltol@sign1               cstackCOMRAM 000037
___heap_hi                   (abs)        000000
___heap_lo                   (abs)        000000
___inthi_sp                  stack        000000
___inthi_stack_hi            stack        000000
___inthi_stack_lo            stack        000000
___intlo_sp                  stack        000000
___intlo_stack_hi            stack        000000
___intlo_stack_lo            stack        000000
___lldiv                     text11       000FF6
___lldiv@counter             cstackCOMRAM 00000D
___lldiv@dividend            cstackCOMRAM 000001
___lldiv@divisor             cstackCOMRAM 000005
___lldiv@quotient            cstackCOMRAM 000009
___llmod                     text10       001128
___llmod@counter             cstackCOMRAM 000016
___llmod@dividend            cstackCOMRAM 00000E
___llmod@divisor             cstackCOMRAM 000012
___param_bank                (abs)        000000
___rparam_used               (abs)        000001
___sp                        stack        000000
___stack_hi                  stack        000000
___stack_lo                  stack        000000
___xxtofl                    text9        000C34
___xxtofl@arg                cstackCOMRAM 000012
___xxtofl@exp                cstackCOMRAM 000011
___xxtofl@sign               cstackCOMRAM 000010
___xxtofl@val                cstackCOMRAM 000008
__accesstop                  (abs)        000060
__activetblptr               (abs)        000000
__end_of___flmul             text13       000A28
__end_of___fltol             text12       000FF6
__end_of___lldiv             text11       00109A
__end_of___llmod             text10       0011B0
__end_of___xxtofl            text9        000DE8
__end_of__initialization     cinit        0012DA
__end_of_can_transmit        text8        001128
__end_of_config              text5        001318
__end_of_init_adc            text7        0012FC
__end_of_init_can            text4        001270
__end_of_init_matrix_keypad  text6        00130E
__end_of_main                text0        000C34
__end_of_read_adc            text3        0012B6
__end_of_read_switches       text1        001224
__end_of_scan_key            text2        000EF0
__initialization             cinit        0012B6
__mediumconst                smallconst   000600
__pbssCOMRAM                 bssCOMRAM    000041
__pcinit                     cinit        0012B6
__pcstackCOMRAM              cstackCOMRAM 000001
__pdataCOMRAM                dataCOMRAM   000056
__pidataCOMRAM               idataCOMRAM  001318
__psmallconst                smallconst   000600
__ptext0                     text0        000A28
__ptext1                     text1        0011B0
__ptext10                    text10       001128
__ptext11                    text11       000FF6
__ptext12                    text12       000EF0
__ptext13                    text13       000602
__ptext2                     text2        000DE8
__ptext3                     text3        001270
__ptext4                     text4        001224
__ptext5                     text5        00130E
__ptext6                     text6        0012FC
__ptext7                     text7        0012E0
__ptext8                     text8        00109A
__ptext9                     text9        000C34
__ramtop                     ramtop       000600
__smallconst                 smallconst   000600
_can_payload                 bssCOMRAM    000041
_can_transmit                text8        00109A
_config                      text5        00130E
_indicator_tx                bssCOMRAM    000054
_init_adc                    text7        0012E0
_init_can                    text4        001224
_init_matrix_keypad          text6        0012FC
_main                        text0        000A28
_read_adc                    text3        001270
_read_switches               text1        0011B0
_rpm_tx                      bssCOMRAM    00004F
_scan_key                    text2        000DE8
can_transmit@data            cstackCOMRAM 000004
can_transmit@len             cstackCOMRAM 000001
can_transmit@msg_id          cstackCOMRAM 000003
end_of_initialization        cinit        0012DA
intlevel0                    text         000000
intlevel1                    text         000000
intlevel2                    text         000000
intlevel3                    text         000000
isa$std                      (abs)        000001
isa$xinst                    (abs)        000000
main@RPM                     cstackCOMRAM 00003D
main@ind                     cstackCOMRAM 00003B
main@key                     cstackCOMRAM 00003C
read_adc@channel             cstackCOMRAM 000007
read_adc@reg_val             cstackCOMRAM 000005
read_digital_keypad@once     dataCOMRAM   000057
read_switches@detection_type cstackCOMRAM 000001
read_switches@key            bssCOMRAM    00004E
read_switches@once           dataCOMRAM   000056
stackhi                      (abs)        000000
stacklo                      (abs)        000000
start                        init         002FFC
start_initialization         cinit        0012B6


MODULE INFORMATION

Module		Function		Class		Link	Load	Size
matrix_keypad.c
		_init_matrix_keypad		CODE           	12FC	0000	18
		_read_switches 		CODE           	11B0	0000	116
		_scan_key      		CODE           	0DE8	0000	264

matrix_keypad.c estimated size: 398

newmain.c
		_main          		CODE           	0A28	0000	524
		_config        		CODE           	130E	0000	10

newmain.c estimated size: 534

adc.c
		_init_adc      		CODE           	12E0	0000	28
		_read_adc      		CODE           	1270	0000	70

adc.c estimated size: 98

C:\Program Files\Microchip\xc8\v3.00\pic\sources\c99\common\llmod.c
		___llmod       		CODE           	1128	0000	136

C:\Program Files\Microchip\xc8\v3.00\pic\sources\c99\common\llmod.c estimated size: 136

C:\Program Files\Microchip\xc8\v3.00\pic\sources\c99\common\sprcmul.c
		___flmul       		CODE           	0602	0000	1062

C:\Program Files\Microchip\xc8\v3.00\pic\sources\c99\common\sprcmul.c estimated size: 1062

C:\Program Files\Microchip\xc8\v3.00\pic\sources\c99\common\__lldiv.c
		___lldiv       		CODE           	0FF6	0000	164

C:\Program Files\Microchip\xc8\v3.00\pic\sources\c99\common\__lldiv.c estimated size: 164

shared
		__initialization		CODE           	12B6	0000	36

shared estimated size: 36

C:\Program Files\Microchip\xc8\v3.00\pic\sources\c99\common\xxtofl.c
		___xxtofl      		CODE           	0C34	0000	436

C:\Program Files\Microchip\xc8\v3.00\pic\sources\c99\common\xxtofl.c estimated size: 436

can.c
		_can_transmit  		CODE           	109A	0000	142
		_init_can      		CODE           	1224	0000	76

can.c estimated size: 218

C:\Program Files\Microchip\xc8\v3.00\pic\sources\c99\common\fltol.c
		___fltol       		CODE           	0EF0	0000	262

C:\Program Files\Microchip\xc8\v3.00\pic\sources\c99\common\fltol.c estimated size: 262

